============================================================
Week 4 Classifier Suite
============================================================

[1/5] Loading data...
  21,617 rows, 80 runs

[2/5] Extracting per-run features...
  80 feature vectors, 73 features

[3/5] Building classifiers...
  Models: ['RandomForest', 'SVM_RBF', 'LogisticRegression']

--- Task A: Binary (ML Training vs. Rest) ---
  [binary_training_vs_rest] n=80, classes=['ml_training', 'non_training']
    RandomForest          acc=1.000±0.000  f1_macro=1.000
    SVM_RBF               acc=0.988±0.025  f1_macro=0.982
    LogisticRegression    acc=1.000±0.000  f1_macro=1.000

--- Task B: Three-Way (training / inference / other) ---
  [threeway] n=80, classes=['ml_inference', 'ml_training', 'other']
    RandomForest          acc=1.000±0.000  f1_macro=1.000
    SVM_RBF               acc=0.975±0.031  f1_macro=0.964
    LogisticRegression    acc=1.000±0.000  f1_macro=1.000

--- Task C: Multi-class (full workload label) ---
  [multiclass_label] n=68, classes=['bert_sst2', 'cufft_benchmark', 'gpt2_wikitext2', 'idle', 'mining_ethash_proxy', 'nbody_sim', 'nvlink_bandwidth', 'nvlink_latency', 'pytorch_mlp_cifar10', 'pytorch_resnet_cifar10', 'pytorch_resnet_cifar10_amp', 'rendering_proxy', 'resnet50_inference', 'training_dual_gpu_dp', 'training_single_gpu']
    RandomForest          acc=0.956±0.015  f1_macro=0.893
    SVM_RBF               acc=0.912±0.000  f1_macro=0.867
    LogisticRegression    acc=0.926±0.015  f1_macro=0.871

--- Task D: Multi-class (category) ---
  [multiclass_category] n=80, classes=['baseline', 'crypto_mining', 'ml_inference', 'ml_training', 'rendering', 'scientific_hpc', 'unknown']
    RandomForest          acc=0.988±0.022  f1_macro=0.962
    SVM_RBF               acc=0.963±0.041  f1_macro=0.917
    LogisticRegression    acc=0.988±0.022  f1_macro=0.985

[4/5] Sliding-window evaluation (30s / 60s / 120s)...

  Sliding window: 30s
    RandomForest          acc=1.000  f1_macro=1.000
    SVM_RBF               acc=0.999  f1_macro=0.994
    LogisticRegression    acc=1.000  f1_macro=1.000

  Sliding window: 60s
    RandomForest          acc=1.000  f1_macro=1.000
    SVM_RBF               acc=1.000  f1_macro=1.000
    LogisticRegression    acc=0.997  f1_macro=0.990

  Sliding window: 120s
    RandomForest          acc=1.000  f1_macro=1.000
    SVM_RBF               acc=0.994  f1_macro=0.898
    LogisticRegression    acc=1.000  f1_macro=1.000

[5/5] Saving results...
  Saved 21 result rows to classifier_results.csv
  Saved classifier_summary.png
  Saved sliding_window_accuracy.png

============================================================
Classifier suite complete. Results in: /root/Telemetry/week4/results
============================================================
