2026-03-16 04:47:03,732 [INFO] ============================================================
2026-03-16 04:47:03,732 [INFO] DDP Training Characterization — 2× H100 via NVLink
2026-03-16 04:47:03,732 [INFO] ============================================================
2026-03-16 04:47:04,088 [INFO] Telemetry started (gpu=NVIDIA H100 80GB HBM3, interval=0.5s, dcgm=disabled, label=ddp_training_gpu0, run=445711ed47b7)
2026-03-16 04:47:04,395 [INFO] Telemetry started (gpu=NVIDIA H100 80GB HBM3, interval=0.5s, dcgm=disabled, label=ddp_training_gpu1, run=4f0362e3f763)
2026-03-16 04:47:06,396 [INFO] Launching: /usr/bin/python3 -m torch.distributed.run --nproc_per_node=2 --master_port=29500 /root/Telemetry/week4/ddp_training_characterize.py --torchrun

*****************************************
Setting OMP_NUM_THREADS environment variable for each process to be 1 in default, to avoid your system being overloaded, please further tune the variable for optimal performance in your application as needed. 
*****************************************
NCCL version 2.27.5+cuda12.9
/usr/local/lib/python3.12/dist-packages/torch/distributed/c10d_logger.py:83: UserWarning: barrier(): using the device under current context. You can specify `device_id` in `init_process_group` to mute this warning.
  return func(*args, **kwargs)
--- Logging error ---
Traceback (most recent call last):
  File "/usr/lib/python3.12/logging/__init__.py", line 464, in format
    return self._format(record)
           ^^^^^^^^^^^^^^^^^^^^
  File "/usr/lib/python3.12/logging/__init__.py", line 460, in _format
    return self._fmt % values
           ~~~~~~~~~~^~~~~~~~
KeyError: 'rank'

During handling of the above exception, another exception occurred:

Traceback (most recent call last):
  File "/usr/lib/python3.12/logging/__init__.py", line 1160, in emit
    msg = self.format(record)
          ^^^^^^^^^^^^^^^^^^^
  File "/usr/lib/python3.12/logging/__init__.py", line 999, in format
    return fmt.format(record)
           ^^^^^^^^^^^^^^^^^^
  File "/usr/lib/python3.12/logging/__init__.py", line 706, in format
    s = self.formatMessage(record)
        ^^^^^^^^^^^^^^^^^^^^^^^^^^
  File "/usr/lib/python3.12/logging/__init__.py", line 675, in formatMessage
    return self._style.format(record)
           ^^^^^^^^^^^^^^^^^^^^^^^^^^
  File "/usr/lib/python3.12/logging/__init__.py", line 466, in format
    raise ValueError('Formatting field not found in record: %s' % e)
ValueError: Formatting field not found in record: 'rank'
Call stack:
  File "/root/Telemetry/week4/ddp_training_characterize.py", line 559, in <module>
    main_torchrun()
  File "/root/Telemetry/week4/ddp_training_characterize.py", line 258, in main_torchrun
    ddp_train_loop(rank, world_size, epochs, batch_size, results_path)
  File "/root/Telemetry/week4/ddp_training_characterize.py", line 207, in ddp_train_loop
    log.info("Epoch %d/%d: loss=%.4f  time=%.1fs  imgs/s=%.0f",
Message: 'Epoch %d/%d: loss=%.4f  time=%.1fs  imgs/s=%.0f'
Arguments: (1, 3, 2.318779786427816, 1.9336676597595215, 12709.487135245237)
--- Logging error ---
Traceback (most recent call last):
  File "/usr/lib/python3.12/logging/__init__.py", line 464, in format
    return self._format(record)
           ^^^^^^^^^^^^^^^^^^^^
  File "/usr/lib/python3.12/logging/__init__.py", line 460, in _format
    return self._fmt % values
           ~~~~~~~~~~^~~~~~~~
KeyError: 'rank'

During handling of the above exception, another exception occurred:

Traceback (most recent call last):
  File "/usr/lib/python3.12/logging/__init__.py", line 1160, in emit
    msg = self.format(record)
          ^^^^^^^^^^^^^^^^^^^
  File "/usr/lib/python3.12/logging/__init__.py", line 999, in format
    return fmt.format(record)
           ^^^^^^^^^^^^^^^^^^
  File "/usr/lib/python3.12/logging/__init__.py", line 706, in format
    s = self.formatMessage(record)
        ^^^^^^^^^^^^^^^^^^^^^^^^^^
  File "/usr/lib/python3.12/logging/__init__.py", line 675, in formatMessage
    return self._style.format(record)
           ^^^^^^^^^^^^^^^^^^^^^^^^^^
  File "/usr/lib/python3.12/logging/__init__.py", line 466, in format
    raise ValueError('Formatting field not found in record: %s' % e)
ValueError: Formatting field not found in record: 'rank'
Call stack:
  File "/root/Telemetry/week4/ddp_training_characterize.py", line 559, in <module>
    main_torchrun()
  File "/root/Telemetry/week4/ddp_training_characterize.py", line 258, in main_torchrun
    ddp_train_loop(rank, world_size, epochs, batch_size, results_path)
  File "/root/Telemetry/week4/ddp_training_characterize.py", line 207, in ddp_train_loop
    log.info("Epoch %d/%d: loss=%.4f  time=%.1fs  imgs/s=%.0f",
Message: 'Epoch %d/%d: loss=%.4f  time=%.1fs  imgs/s=%.0f'
Arguments: (2, 3, 2.310452938079834, 0.937300443649292, 17103.710636463486)
--- Logging error ---
Traceback (most recent call last):
  File "/usr/lib/python3.12/logging/__init__.py", line 464, in format
    return self._format(record)
           ^^^^^^^^^^^^^^^^^^^^
  File "/usr/lib/python3.12/logging/__init__.py", line 460, in _format
    return self._fmt % values
           ~~~~~~~~~~^~~~~~~~
KeyError: 'rank'

During handling of the above exception, another exception occurred:

Traceback (most recent call last):
  File "/usr/lib/python3.12/logging/__init__.py", line 1160, in emit
    msg = self.format(record)
          ^^^^^^^^^^^^^^^^^^^
  File "/usr/lib/python3.12/logging/__init__.py", line 999, in format
    return fmt.format(record)
           ^^^^^^^^^^^^^^^^^^
  File "/usr/lib/python3.12/logging/__init__.py", line 706, in format
    s = self.formatMessage(record)
        ^^^^^^^^^^^^^^^^^^^^^^^^^^
  File "/usr/lib/python3.12/logging/__init__.py", line 675, in formatMessage
    return self._style.format(record)
           ^^^^^^^^^^^^^^^^^^^^^^^^^^
  File "/usr/lib/python3.12/logging/__init__.py", line 466, in format
    raise ValueError('Formatting field not found in record: %s' % e)
ValueError: Formatting field not found in record: 'rank'
Call stack:
  File "/root/Telemetry/week4/ddp_training_characterize.py", line 559, in <module>
    main_torchrun()
  File "/root/Telemetry/week4/ddp_training_characterize.py", line 258, in main_torchrun
    ddp_train_loop(rank, world_size, epochs, batch_size, results_path)
  File "/root/Telemetry/week4/ddp_training_characterize.py", line 207, in ddp_train_loop
    log.info("Epoch %d/%d: loss=%.4f  time=%.1fs  imgs/s=%.0f",
Message: 'Epoch %d/%d: loss=%.4f  time=%.1fs  imgs/s=%.0f'
Arguments: (3, 3, 2.3138694763183594, 0.918365478515625, 19436.645087326033)
--- Logging error ---
Traceback (most recent call last):
  File "/usr/lib/python3.12/logging/__init__.py", line 464, in format
    return self._format(record)
           ^^^^^^^^^^^^^^^^^^^^
  File "/usr/lib/python3.12/logging/__init__.py", line 460, in _format
    return self._fmt % values
           ~~~~~~~~~~^~~~~~~~
KeyError: 'rank'

During handling of the above exception, another exception occurred:

Traceback (most recent call last):
  File "/usr/lib/python3.12/logging/__init__.py", line 1160, in emit
    msg = self.format(record)
          ^^^^^^^^^^^^^^^^^^^
  File "/usr/lib/python3.12/logging/__init__.py", line 999, in format
    return fmt.format(record)
           ^^^^^^^^^^^^^^^^^^
  File "/usr/lib/python3.12/logging/__init__.py", line 706, in format
    s = self.formatMessage(record)
        ^^^^^^^^^^^^^^^^^^^^^^^^^^
  File "/usr/lib/python3.12/logging/__init__.py", line 675, in formatMessage
    return self._style.format(record)
           ^^^^^^^^^^^^^^^^^^^^^^^^^^
  File "/usr/lib/python3.12/logging/__init__.py", line 466, in format
    raise ValueError('Formatting field not found in record: %s' % e)
ValueError: Formatting field not found in record: 'rank'
Call stack:
  File "/root/Telemetry/week4/ddp_training_characterize.py", line 559, in <module>
    main_torchrun()
  File "/root/Telemetry/week4/ddp_training_characterize.py", line 258, in main_torchrun
    ddp_train_loop(rank, world_size, epochs, batch_size, results_path)
  File "/root/Telemetry/week4/ddp_training_characterize.py", line 243, in ddp_train_loop
    log.info("DDP training complete: %.0f imgs/s over %.1fs", throughput, t_total)
Message: 'DDP training complete: %.0f imgs/s over %.1fs'
Arguments: (19432.11256534682, 3.7941319942474365)
2026-03-16 04:47:21,316 [INFO] torchrun finished (exit=0, elapsed=14.9s)
2026-03-16 04:47:23,317 [INFO] Telemetry stopped. 39 samples collected.
2026-03-16 04:47:23,347 [INFO] Saved 39 rows to /root/Telemetry/week4/results/ddp/ddp_telemetry_gpu0.parquet
2026-03-16 04:47:23,353 [INFO] GPU0: 39 telemetry samples
2026-03-16 04:47:23,354 [INFO] Telemetry stopped. 38 samples collected.
2026-03-16 04:47:23,362 [INFO] Saved 38 rows to /root/Telemetry/week4/results/ddp/ddp_telemetry_gpu1.parquet
2026-03-16 04:47:23,373 [INFO] GPU1: 38 telemetry samples
2026-03-16 04:47:23,923 [INFO] Saved ddp_telemetry_over_time.png
2026-03-16 04:47:24,387 [INFO] Saved ddp_step_breakdown_rank0.png
2026-03-16 04:47:24,746 [INFO] Saved ddp_step_breakdown_rank1.png
2026-03-16 04:47:25,601 [INFO] Saved ddp_roofline_model.png
2026-03-16 04:47:25,607 [INFO] Saved ddp_summary.csv
2026-03-16 04:47:25,607 [INFO] ============================================================
2026-03-16 04:47:25,607 [INFO] DDP Characterization Summary
2026-03-16 04:47:25,607 [INFO] ============================================================
2026-03-16 04:47:25,607 [INFO]   Rank 0: 19432 img/s | fwd=9.5ms | bwd+allreduce=15.3ms | step=26.3ms
2026-03-16 04:47:25,607 [INFO]   Rank 1: 19437 img/s | fwd=9.5ms | bwd+allreduce=15.3ms | step=26.3ms
2026-03-16 04:47:25,607 [INFO]   Total wall time: 14.9s
2026-03-16 04:47:25,607 [INFO] ============================================================
