============================================================
Week 4 EDA
============================================================

[1/7] Loading parquet files...
  Loaded 20,582 rows, 58 runs, 15 workload types
  Workloads: ['bert_sst2', 'cufft_benchmark', 'gpt2_wikitext2', 'idle', 'mining_ethash_proxy', 'nbody_sim', 'pytorch_mlp_cifar10', 'pytorch_resnet_cifar10', 'pytorch_resnet_cifar10_amp', 'rendering_proxy', 'resnet18_large_batch_batch2048', 'resnet18_short_run_short', 'resnet18_small_batch_batch8', 'resnet50_inference', 'resnet50_inference_small_bs32']

[2/7] Summary statistics...
  Saved: eda_summary_stats.csv
                                gpu_utilization_pct_mean  power_draw_w_mean  n_samples  n_runs
workload_label                                                                                
bert_sst2                                      78.210797          41.941645        389       6
cufft_benchmark                                97.942244          46.031046       3636       6
gpt2_wikitext2                                 83.648477          41.831430        788       6
idle                                            0.000000          39.253875        375       3
mining_ethash_proxy                            38.829255          40.535898       3637       6
nbody_sim                                      97.912541          46.143834       3636       6
pytorch_mlp_cifar10                             5.730088          40.209991        226       3
pytorch_resnet_cifar10                         82.400000          43.177839        205       3
pytorch_resnet_cifar10_amp                     76.900709          42.962830        141       3
rendering_proxy                                84.002200          43.650185       3636       6
resnet18_large_batch_batch2048                 25.437500         195.914312         16       1
resnet18_short_run_short                       16.615385         167.683846         13       1
resnet18_small_batch_batch8                    20.306931         141.466158        101       1
resnet50_inference                             65.269915          43.528388       3653       6
resnet50_inference_small_bs32                  89.815385         484.790138        130       1

[3/7] Time-series plots...
  Saved: timeseries_gpu_utilization_pct.png
  Saved: timeseries_power_draw_w.png
  Saved: timeseries_mem_used_mb.png

[4/7] Summary boxplots...
  Saved: summary_boxplots.png

[5/7] Correlation matrix...
  Saved: correlation_matrix.png

[6/7] Autocorrelation...
  Saved: autocorrelation_gpu_utilization_pct.png
  Saved: autocorrelation_power_draw_w.png

[7/7] PCA and t-SNE projections...
  Features for 58 runs saved to run_features.csv
  Saved: pca_projection.png
  t-SNE skipped: TSNE.__init__() got an unexpected keyword argument 'n_iter'
  PCA: top 3 components explain 61.7% of variance

============================================================
EDA complete. Plots saved to: /root/Telemetry/week4/plots
Stats saved to:  /root/Telemetry/week4/results
============================================================
