01:47:53 === Week 7 Classifier Training (B200) ===
01:47:53 Feature count: 125
01:47:53 
-- Window 5s --
01:47:53   Loaded 224 windows (7 short-run excluded) -> 217 for evaluation
01:47:53   Task A: Binary (training vs rest)
01:47:54   [RandomForest  ] binary  acc=0.8876+/-0.0642  f1_macro=0.8783  f1_w=0.8850
01:47:56   [XGBoost       ] binary  acc=0.8742+/-0.0734  f1_macro=0.8599  f1_w=0.8689
01:47:56   [SVM_RBF       ] binary  acc=0.9290+/-0.0616  f1_macro=0.9274  f1_w=0.9297
01:47:56   [LogisticReg   ] binary  acc=0.9390+/-0.0649  f1_macro=0.9368  f1_w=0.9389
01:47:56   PCA saved: pca_binary_5s.png
01:47:57   ROC saved: roc_binary_5s.png
01:47:58   Task B: Three-way
01:47:59   [RandomForest  ] threeway                       acc=0.8900+/-0.0785  f1_macro=0.7891  f1_w=0.8845
01:48:01   [XGBoost       ] threeway                       acc=0.8853+/-0.0793  f1_macro=0.8473  f1_w=0.8791
01:48:01   [SVM_RBF       ] threeway                       acc=0.9341+/-0.0815  f1_macro=0.8080  f1_w=0.9316
01:48:01   [LogisticReg   ] threeway                       acc=0.9209+/-0.0789  f1_macro=0.8629  f1_w=0.9207
01:48:01   Task C: Multi-class
01:48:03   [RandomForest  ] multiclass                     acc=0.9595+/-0.0350  f1_macro=0.7721  f1_w=0.9519
01:48:08   [XGBoost       ] multiclass                     acc=0.9534+/-0.0239  f1_macro=0.7321  f1_w=0.9477
01:48:08   [SVM_RBF       ] multiclass                     acc=0.9645+/-0.0343  f1_macro=0.7988  f1_w=0.9545
01:48:08   [LogisticReg   ] multiclass                     acc=0.9654+/-0.0283  f1_macro=0.8000  f1_w=0.9612
01:48:10 
-- Window 15s --
01:48:10   Loaded 58 windows (32 short-run excluded) -> 26 for evaluation
01:48:10   Task A: Binary (training vs rest)
01:48:11   [RandomForest  ] binary  acc=0.8300+/-0.2358  f1_macro=0.7607  f1_w=0.7936
01:48:11   [XGBoost       ] binary  acc=0.7100+/-0.2764  f1_macro=0.5985  f1_w=0.6896
01:48:11   [SVM_RBF       ] binary  acc=0.7800+/-0.2205  f1_macro=0.6464  f1_w=0.7221
01:48:11   [LogisticReg   ] binary  acc=0.8800+/-0.2400  f1_macro=0.8750  f1_w=0.8650
01:48:11   Task B: Three-way
01:48:13   [RandomForest  ] threeway                       acc=0.8300+/-0.2358  f1_macro=0.7607  f1_w=0.7936
01:48:13   [XGBoost       ] threeway                       acc=0.7100+/-0.2764  f1_macro=0.5985  f1_w=0.6896
01:48:13   [SVM_RBF       ] threeway                       acc=0.7800+/-0.2205  f1_macro=0.6464  f1_w=0.7221
01:48:13   [LogisticReg   ] threeway                       acc=0.8800+/-0.2400  f1_macro=0.8750  f1_w=0.8650
01:48:13   Task C: Multi-class
01:48:14   [RandomForest  ] multiclass                     acc=1.0000+/-0.0000  f1_macro=1.0000  f1_w=1.0000
01:48:15   [XGBoost       ] multiclass                     acc=0.8000+/-0.4000  f1_macro=0.8000  f1_w=0.8000
01:48:15   [SVM_RBF       ] multiclass                     acc=0.8286+/-0.3429  f1_macro=0.8250  f1_w=0.8500
01:48:15   [LogisticReg   ] multiclass                     acc=0.9429+/-0.1143  f1_macro=0.8833  f1_w=0.9667
01:48:15 
-- Window 30s --
01:48:15   Loaded 48 windows (42 short-run excluded) -> 6 for evaluation
01:48:16   Too few samples for 5-fold CV (min_class=3, n_groups=4), skip 30s
01:48:16 Saved: accuracy_vs_window.png
01:48:16 Saved: classifier_summary.png
01:48:16 Saved: classifier_results.csv (24 rows)
01:48:16 Report saved: /root/Telemetry/week7/reports/week7_classifier_report.md
01:48:16 
=== Done ===

=== KEY RESULTS (short runs excluded) ===

Top-5 Binary:
       model  window_sec  acc_mean  acc_std  f1_macro_mean  f1_w_mean
 LogisticReg           5  0.939002 0.064897       0.936825   0.938869
     SVM_RBF           5  0.929035 0.061637       0.927385   0.929698
RandomForest           5  0.887616 0.064218       0.878313   0.884988
 LogisticReg          15  0.880000 0.240000       0.875000   0.865000
     XGBoost           5  0.874224 0.073415       0.859900   0.868901

Top-5 Multi-class:
       model  window_sec  acc_mean  acc_std  f1_macro_mean  f1_w_mean
RandomForest          15  1.000000 0.000000       1.000000   1.000000
 LogisticReg           5  0.965359 0.028309       0.800000   0.961193
     SVM_RBF           5  0.964528 0.034271       0.798776   0.954540
RandomForest           5  0.959477 0.034990       0.772109   0.951914
     XGBoost           5  0.953417 0.023904       0.732130   0.947673
