15:20:43 [INFO] ============================================================
15:20:43 [INFO] Edge-case telemetry study  —  running all 8 workloads
15:20:43 [INFO] ============================================================
15:20:43 [INFO] ============================================================
15:20:43 [INFO] Running: BASELINE_TRAIN
15:20:50 [INFO] [BASELINE_TRAIN] done in 6.8s, 66 telemetry samples
15:20:50 [INFO] ============================================================
15:20:50 [INFO] Running: BASELINE_INFER
15:20:55 [INFO] [BASELINE_INFER] done in 4.2s, 42 telemetry samples
15:20:55 [INFO] ============================================================
15:20:55 [INFO] Running: EC1
15:21:00 [INFO] [EC1] done in 5.8s, 56 telemetry samples
15:21:00 [INFO] ============================================================
15:21:00 [INFO] Running: EC2
15:21:07 [INFO] [EC2] done in 6.6s, 64 telemetry samples
15:21:07 [INFO] ============================================================
15:21:07 [INFO] Running: EC3
15:21:14 [INFO] [EC3] done in 6.6s, 64 telemetry samples
15:21:14 [INFO] ============================================================
15:21:14 [INFO] Running: EC4
15:21:20 [INFO] [EC4] done in 5.9s, 58 telemetry samples
15:21:20 [INFO] ============================================================
15:21:20 [INFO] Running: EC5
15:21:26 [INFO] [EC5] done in 6.2s, 60 telemetry samples
15:21:26 [INFO] ============================================================
15:21:26 [INFO] Running: EC6
15:21:33 [INFO] [EC6] done in 6.5s, 64 telemetry samples
15:21:33 [INFO] Saved features → /root/Telemetry/week7/results/edge_cases/edge_cases_features.json
15:21:33 [INFO] Generating plots …
15:21:34 [INFO] Saved /root/Telemetry/week7/plots/edge_cases_telemetry.png
15:21:34 [INFO] Saved /root/Telemetry/week7/plots/edge_cases_feature_scatter.png
15:21:34 [INFO] Saved /root/Telemetry/week7/plots/edge_cases_confusion.png
15:21:34 [INFO] Saved /root/Telemetry/week7/plots/edge_cases_step_breakdown.png
15:21:34 [INFO] Writing report …
15:21:34 [INFO] Saved /root/Telemetry/week7/reports/edge_cases_report.md
15:21:34 [INFO] All done.
