2026-04-06 15:50:27,763 [INFO] ============================================================
2026-04-06 15:50:27,770 [INFO] Re-running fast workloads on NVIDIA B200
2026-04-06 15:50:27,770 [INFO] ============================================================
2026-04-06 15:50:29,801 [INFO] MLP training (30 epochs, bs=1024)...
2026-04-06 15:50:32,561 [INFO]   MLP: 739423 img/s  elapsed=2.0s
2026-04-06 15:50:34,562 [INFO]   Removed old: mlp_training_7d7aec.parquet
2026-04-06 15:50:34,562 [INFO]   Removed old: mlp_training_da37f0.parquet
2026-04-06 15:50:34,562 [INFO]   Removed old: mlp_training_a5b604.parquet
2026-04-06 15:50:34,572 [INFO]   Saved 14 samples → mlp_training_b8c89a.parquet  (util_mean=27%  power_mean=272W)
2026-04-06 15:50:36,609 [INFO] Mining proxy (20000 iters)...
2026-04-06 15:50:41,030 [INFO]   Mining: elapsed=4.4s
2026-04-06 15:50:43,031 [INFO]   Removed old: mining_proxy_089099.parquet
2026-04-06 15:50:43,031 [INFO]   Removed old: mining_proxy_ab6324.parquet
2026-04-06 15:50:43,037 [INFO]   Saved 17 samples → mining_proxy_c761f7.parquet  (util_mean=51%  power_mean=213W)
2026-04-06 15:50:45,077 [INFO] Rendering proxy (2000 iters, 500000 samples)...
2026-04-06 15:50:45,393 [INFO]   Rendering: elapsed=0.3s
2026-04-06 15:50:47,394 [INFO]   Removed old: rendering_db8086.parquet
2026-04-06 15:50:47,394 [INFO]   Removed old: rendering_4b5c0e.parquet
2026-04-06 15:50:47,397 [INFO]   Saved 9 samples → rendering_aef227.parquet  (util_mean=1%  power_mean=201W)
2026-04-06 15:50:47,408 [INFO] Done. New parquets in /root/Telemetry/week7/single_gpu_tests/data
