15:32:39 ============================================================
15:32:39 Generating roofline + Tier 1 analysis figures
15:32:39 ============================================================
15:32:39 1/9  Roofline — Single GPU B200...
15:32:40 Saved roofline_single_gpu.png
15:32:40 2/9  Roofline — 2-GPU DataParallel B200...
15:32:40 Saved roofline_two_gpu.png
15:32:40 3/9  Roofline Comparison — B200 vs H100...
15:32:40 Saved roofline_comparison_b200_vs_h100.png
15:32:40 Loading Tier 1 telemetry parquets...
15:32:40   Loaded 9 workloads: ['cufft_hpc', 'idle', 'inference', 'mining_proxy', 'mlp_training', 'nbody_sim', 'rendering', 'resnet_amp', 'resnet_fp32']
15:32:40 4/9  Tier 1 Heatmap...
15:32:41 Saved tier1_heatmap.png
15:32:41 5/9  Tier 1 CV Analysis...
15:32:41 Saved tier1_cv_analysis.png
15:32:41 6/9  Tier 1 PCA...
15:32:41 Saved tier1_pca.png
15:32:41 7/9  Tier 1 Power vs Util + Clock scatter...
15:32:41 Saved tier1_power_vs_util.png
15:32:41 8/9  Tier 1 Clock Analysis (B200 new feature)...
15:32:41 Saved tier1_clock_analysis.png
15:32:41 9/9  NVLink Roofline + Speedup...
15:32:42 Saved nvlink_roofline.png
15:32:42 ============================================================
15:32:42 All figures generated.
15:32:42 Single GPU plots: /root/Telemetry/week7/single_gpu_tests/plots
15:32:42 Two GPU plots:    /root/Telemetry/week7/two_gpu_tests/plots
15:32:42 ============================================================

Generated figures:
  single_gpu_tests/plots/roofline_comparison_b200_vs_h100.png
  single_gpu_tests/plots/roofline_single_gpu.png
  single_gpu_tests/plots/tier1_clock_analysis.png
  single_gpu_tests/plots/tier1_cv_analysis.png
  single_gpu_tests/plots/tier1_heatmap.png
  single_gpu_tests/plots/tier1_pca.png
  single_gpu_tests/plots/tier1_power_vs_util.png
  two_gpu_tests/plots/nvlink_roofline.png
  two_gpu_tests/plots/roofline_two_gpu.png
