15:23:17 [INFO] ============================================================
15:23:17 [INFO] n_ch = 8  (~0M params)

*****************************************
Setting OMP_NUM_THREADS environment variable for each process to be 1 in default, to avoid your system being overloaded, please further tune the variable for optimal performance in your application as needed. 
*****************************************
15:23:19 [INFO] Successfully registered DSL: cutedsl
15:23:19 [INFO] Successfully registered DSL: cutedsl
15:23:19 [INFO] Successfully registered DSL: triton
15:23:19 [INFO] Successfully registered DSL: triton
15:23:24 [INFO] [n_ch=  8] Epoch  1/10  loss=2.3065  acc=10.5%  lr=0.05000
15:23:25 [INFO] [n_ch=  8] Epoch  2/10  loss=2.2843  acc=14.2%  lr=0.04523
15:23:25 [INFO] [n_ch=  8] Epoch  3/10  loss=2.2501  acc=13.3%  lr=0.03969
15:23:26 [INFO] [n_ch=  8] Epoch  4/10  loss=2.2035  acc=15.8%  lr=0.03273
15:23:27 [INFO] [n_ch=  8] Epoch  5/10  loss=2.1477  acc=13.8%  lr=0.02500
15:23:27 [INFO] [n_ch=  8] Epoch  6/10  loss=2.0835  acc=16.2%  lr=0.01727
15:23:28 [INFO] [n_ch=  8] Epoch  7/10  loss=1.9989  acc=16.3%  lr=0.01031
15:23:29 [INFO] [n_ch=  8] Epoch  8/10  loss=1.8944  acc=17.1%  lr=0.00477
15:23:29 [INFO] [n_ch=  8] Epoch  9/10  loss=1.7733  acc=16.9%  lr=0.00122
15:23:30 [INFO] [n_ch=  8] Epoch 10/10  loss=1.6729  acc=17.2%  lr=0.00000
15:23:30 [INFO] [n_ch=  8] Done. Final accuracy=17.2%  AI=45  TFLOPS=1.5  comm=0%
15:23:31 [INFO] n_ch=8 finished in 14.9s (exit=0)
15:23:31 [INFO] ============================================================
15:23:31 [INFO] n_ch = 16  (~0M params)

*****************************************
Setting OMP_NUM_THREADS environment variable for each process to be 1 in default, to avoid your system being overloaded, please further tune the variable for optimal performance in your application as needed. 
*****************************************
15:23:34 [INFO] Successfully registered DSL: cutedsl
15:23:34 [INFO] Successfully registered DSL: triton
15:23:34 [INFO] Successfully registered DSL: cutedsl
15:23:34 [INFO] Successfully registered DSL: triton
15:23:39 [INFO] [n_ch= 16] Epoch  1/10  loss=2.3130  acc=11.6%  lr=0.05000
15:23:40 [INFO] [n_ch= 16] Epoch  2/10  loss=2.2662  acc=14.4%  lr=0.04523
15:23:40 [INFO] [n_ch= 16] Epoch  3/10  loss=2.2017  acc=15.2%  lr=0.03969
15:23:41 [INFO] [n_ch= 16] Epoch  4/10  loss=2.1143  acc=11.5%  lr=0.03273
15:23:42 [INFO] [n_ch= 16] Epoch  5/10  loss=1.9849  acc=16.8%  lr=0.02500
15:23:42 [INFO] [n_ch= 16] Epoch  6/10  loss=1.8119  acc=17.1%  lr=0.01727
15:23:43 [INFO] [n_ch= 16] Epoch  7/10  loss=1.5857  acc=16.7%  lr=0.01031
15:23:44 [INFO] [n_ch= 16] Epoch  8/10  loss=1.2690  acc=16.0%  lr=0.00477
15:23:44 [INFO] [n_ch= 16] Epoch  9/10  loss=0.9265  acc=17.8%  lr=0.00122
15:23:45 [INFO] [n_ch= 16] Epoch 10/10  loss=0.6625  acc=17.8%  lr=0.00000
15:23:45 [INFO] [n_ch= 16] Done. Final accuracy=17.8%  AI=90  TFLOPS=5.8  comm=0%
15:23:47 [INFO] n_ch=16 finished in 15.4s (exit=0)
15:23:47 [INFO] ============================================================
15:23:47 [INFO] n_ch = 32  (~1M params)

*****************************************
Setting OMP_NUM_THREADS environment variable for each process to be 1 in default, to avoid your system being overloaded, please further tune the variable for optimal performance in your application as needed. 
*****************************************
15:23:49 [INFO] Successfully registered DSL: cutedsl
15:23:49 [INFO] Successfully registered DSL: triton
15:23:49 [INFO] Successfully registered DSL: cutedsl
15:23:49 [INFO] Successfully registered DSL: triton
15:23:54 [INFO] [n_ch= 32] Epoch  1/10  loss=2.3230  acc=14.2%  lr=0.05000
15:23:55 [INFO] [n_ch= 32] Epoch  2/10  loss=2.2507  acc=13.3%  lr=0.04523
15:23:56 [INFO] [n_ch= 32] Epoch  3/10  loss=2.1237  acc=14.9%  lr=0.03969
15:23:56 [INFO] [n_ch= 32] Epoch  4/10  loss=1.9324  acc=13.1%  lr=0.03273
15:23:57 [INFO] [n_ch= 32] Epoch  5/10  loss=1.6476  acc=12.2%  lr=0.02500
15:23:58 [INFO] [n_ch= 32] Epoch  6/10  loss=1.2351  acc=17.3%  lr=0.01727
15:23:58 [INFO] [n_ch= 32] Epoch  7/10  loss=0.6887  acc=18.2%  lr=0.01031
15:23:59 [INFO] [n_ch= 32] Epoch  8/10  loss=0.2187  acc=19.1%  lr=0.00477
15:24:00 [INFO] [n_ch= 32] Epoch  9/10  loss=0.0439  acc=19.9%  lr=0.00122
15:24:01 [INFO] [n_ch= 32] Epoch 10/10  loss=0.0203  acc=20.2%  lr=0.00000
15:24:01 [INFO] [n_ch= 32] Done. Final accuracy=20.2%  AI=175  TFLOPS=21.4  comm=0%
15:24:03 [INFO] n_ch=32 finished in 15.8s (exit=0)
15:24:03 [INFO] ============================================================
15:24:03 [INFO] n_ch = 64  (~4M params)

*****************************************
Setting OMP_NUM_THREADS environment variable for each process to be 1 in default, to avoid your system being overloaded, please further tune the variable for optimal performance in your application as needed. 
*****************************************
15:24:05 [INFO] Successfully registered DSL: cutedsl
15:24:05 [INFO] Successfully registered DSL: triton
15:24:05 [INFO] Successfully registered DSL: cutedsl
15:24:05 [INFO] Successfully registered DSL: triton
15:24:10 [INFO] [n_ch= 64] Epoch  1/10  loss=2.3489  acc=11.9%  lr=0.05000
15:24:11 [INFO] [n_ch= 64] Epoch  2/10  loss=2.2429  acc=16.0%  lr=0.04523
15:24:12 [INFO] [n_ch= 64] Epoch  3/10  loss=2.0444  acc=10.9%  lr=0.03969
15:24:13 [INFO] [n_ch= 64] Epoch  4/10  loss=1.6887  acc=12.2%  lr=0.03273
15:24:14 [INFO] [n_ch= 64] Epoch  5/10  loss=1.1266  acc=13.3%  lr=0.02500
15:24:14 [INFO] [n_ch= 64] Epoch  6/10  loss=0.4153  acc=16.0%  lr=0.01727
15:24:15 [INFO] [n_ch= 64] Epoch  7/10  loss=0.1027  acc=18.1%  lr=0.01031
15:24:16 [INFO] [n_ch= 64] Epoch  8/10  loss=0.0123  acc=23.1%  lr=0.00477
15:24:17 [INFO] [n_ch= 64] Epoch  9/10  loss=0.0038  acc=23.4%  lr=0.00122
15:24:18 [INFO] [n_ch= 64] Epoch 10/10  loss=0.0030  acc=23.7%  lr=0.00000
15:24:18 [INFO] [n_ch= 64] Done. Final accuracy=23.7%  AI=330  TFLOPS=74.5  comm=1%
15:24:19 [INFO] n_ch=64 finished in 16.9s (exit=0)
15:24:19 [INFO] ============================================================
15:24:19 [INFO] n_ch = 128  (~17M params)

*****************************************
Setting OMP_NUM_THREADS environment variable for each process to be 1 in default, to avoid your system being overloaded, please further tune the variable for optimal performance in your application as needed. 
*****************************************
15:24:22 [INFO] Successfully registered DSL: cutedsl
15:24:22 [INFO] Successfully registered DSL: triton
15:24:22 [INFO] Successfully registered DSL: cutedsl
15:24:22 [INFO] Successfully registered DSL: triton
15:24:28 [INFO] [n_ch=128] Epoch  1/10  loss=2.4070  acc=13.9%  lr=0.05000
15:24:30 [INFO] [n_ch=128] Epoch  2/10  loss=2.2543  acc=13.6%  lr=0.04523
15:24:31 [INFO] [n_ch=128] Epoch  3/10  loss=1.9945  acc=13.0%  lr=0.03969
15:24:32 [INFO] [n_ch=128] Epoch  4/10  loss=1.4768  acc=15.8%  lr=0.03273
15:24:33 [INFO] [n_ch=128] Epoch  5/10  loss=0.6466  acc=17.9%  lr=0.02500
15:24:34 [INFO] [n_ch=128] Epoch  6/10  loss=0.1850  acc=12.6%  lr=0.01727
15:24:35 [INFO] [n_ch=128] Epoch  7/10  loss=0.0257  acc=22.6%  lr=0.01031
15:24:37 [INFO] [n_ch=128] Epoch  8/10  loss=0.0030  acc=24.8%  lr=0.00477
15:24:38 [INFO] [n_ch=128] Epoch  9/10  loss=0.0012  acc=25.0%  lr=0.00122
15:24:39 [INFO] [n_ch=128] Epoch 10/10  loss=0.0011  acc=25.0%  lr=0.00000
15:24:39 [INFO] [n_ch=128] Done. Final accuracy=25.0%  AI=595  TFLOPS=208.2  comm=4%
15:24:41 [INFO] n_ch=128 finished in 21.1s (exit=0)
15:24:41 [INFO] ============================================================
15:24:41 [INFO] n_ch = 256  (~71M params)

*****************************************
Setting OMP_NUM_THREADS environment variable for each process to be 1 in default, to avoid your system being overloaded, please further tune the variable for optimal performance in your application as needed. 
*****************************************
15:24:43 [INFO] Successfully registered DSL: cutedsl
15:24:43 [INFO] Successfully registered DSL: triton
15:24:43 [INFO] Successfully registered DSL: cutedsl
15:24:43 [INFO] Successfully registered DSL: triton
15:24:54 [INFO] [n_ch=256] Epoch  1/10  loss=2.6647  acc=10.1%  lr=0.05000
15:24:56 [INFO] [n_ch=256] Epoch  2/10  loss=2.3218  acc=13.0%  lr=0.04523
15:24:59 [INFO] [n_ch=256] Epoch  3/10  loss=2.2004  acc=10.5%  lr=0.03969
15:25:01 [INFO] [n_ch=256] Epoch  4/10  loss=1.8978  acc=13.0%  lr=0.03273
15:25:03 [INFO] [n_ch=256] Epoch  5/10  loss=1.0643  acc=13.3%  lr=0.02500
15:25:06 [INFO] [n_ch=256] Epoch  6/10  loss=0.2607  acc=14.3%  lr=0.01727
15:25:08 [INFO] [n_ch=256] Epoch  7/10  loss=0.0452  acc=17.8%  lr=0.01031
15:25:11 [INFO] [n_ch=256] Epoch  8/10  loss=0.0054  acc=23.1%  lr=0.00477
15:25:13 [INFO] [n_ch=256] Epoch  9/10  loss=0.0009  acc=23.1%  lr=0.00122
15:25:16 [INFO] [n_ch=256] Epoch 10/10  loss=0.0007  acc=23.2%  lr=0.00000
15:25:16 [INFO] [n_ch=256] Done. Final accuracy=23.2%  AI=990  TFLOPS=406.2  comm=7%
15:25:17 [INFO] n_ch=256 finished in 36.5s (exit=0)
15:25:17 [INFO] ============================================================
15:25:17 [INFO] n_ch = 512  (~287M params)

*****************************************
Setting OMP_NUM_THREADS environment variable for each process to be 1 in default, to avoid your system being overloaded, please further tune the variable for optimal performance in your application as needed. 
*****************************************
15:25:19 [INFO] Successfully registered DSL: cutedsl
15:25:19 [INFO] Successfully registered DSL: triton
15:25:19 [INFO] Successfully registered DSL: cutedsl
15:25:19 [INFO] Successfully registered DSL: triton
15:25:45 [INFO] [n_ch=512] Epoch  1/10  loss=4.2754  acc=10.1%  lr=0.05000
15:25:52 [INFO] [n_ch=512] Epoch  2/10  loss=2.3675  acc=10.2%  lr=0.04523
15:25:58 [INFO] [n_ch=512] Epoch  3/10  loss=2.3509  acc=10.3%  lr=0.03969
15:26:05 [INFO] [n_ch=512] Epoch  4/10  loss=2.3331  acc=10.2%  lr=0.03273
15:26:12 [INFO] [n_ch=512] Epoch  5/10  loss=2.3097  acc=10.5%  lr=0.02500
15:26:19 [INFO] [n_ch=512] Epoch  6/10  loss=2.2809  acc=11.7%  lr=0.01727
15:26:26 [INFO] [n_ch=512] Epoch  7/10  loss=2.2312  acc=10.8%  lr=0.01031
15:26:33 [INFO] [n_ch=512] Epoch  8/10  loss=2.1331  acc=11.7%  lr=0.00477
15:26:40 [INFO] [n_ch=512] Epoch  9/10  loss=1.9220  acc=11.4%  lr=0.00122
15:26:47 [INFO] [n_ch=512] Epoch 10/10  loss=1.5115  acc=12.1%  lr=0.00000
15:26:47 [INFO] [n_ch=512] Done. Final accuracy=12.1%  AI=1483  TFLOPS=587.2  comm=11%
15:26:48 [INFO] n_ch=512 finished in 91.3s (exit=0)
15:26:49 [INFO] Saved /root/Telemetry/week7/plots/model_accuracy_roofline.png
15:26:49 [INFO] Saved /root/Telemetry/week7/plots/model_accuracy_vs_size.png
/root/Telemetry/week7/scale_model_accuracy.py:492: UserWarning: This figure includes Axes that are not compatible with tight_layout, so results might be incorrect.
  plt.tight_layout()
15:26:49 [INFO] Saved /root/Telemetry/week7/plots/model_accuracy_curves.png
15:26:49 [INFO] Saved /root/Telemetry/week7/plots/model_accuracy_tradeoff.png
15:26:49 [INFO] Saved report: /root/Telemetry/week7/reports/model_accuracy_report.md
15:26:49 [INFO] All done.
